// Vitest Snapshot v1

exports[`CSVParser.ts > parse 1`] = `
ParseResult {
  "message": "CSVParser.parser()",
  "result": "[object Undefined]",
  "status": 0,
}
`;
