// Vitest Snapshot v1

exports[`YAMLParser.ts > parse 2`] = `"{'doc':{'idMap':{},'root':{'$ref':'../../'},'$id':1},'key':'root','type':1,'deduped':false,'tData':{},'children':[{'doc':{'$ref':'#1'},'key':'0','type':0,'deduped':false,'tData':{},'parent':{'$ref':'../../../'},'children':[{'doc':{'$ref':'#1'},'key':'martin','type':0,'deduped':false,'tData':{},'parent':{'$ref':'../../../'},'children':[{'doc':{'$ref':'#1'},'key':'name','type':2,'mValue':'Martin D\\\\'vloper','deduped':false,'tData':{},'parent':{'$ref':'../../../'},'start':{'line':2,'col':10,'pos':22},'end':{'line':2,'col':25,'pos':37}},{'doc':{'$ref':'#1'},'key':'job','type':2,'mValue':'Developer','deduped':false,'tData':{},'parent':{'$ref':'../../../'},'start':{'line':3,'col':9,'pos':47},'end':{'line':3,'col':18,'pos':56}},{'doc':{'$ref':'#1'},'key':'skills','type':1,'deduped':false,'tData':{},'parent':{'$ref':'../../../'},'children':[{'doc':{'$ref':'#1'},'key':'0','type':2,'mValue':'python','deduped':false,'tData':{},'parent':{'$ref':'../../../'},'start':{'line':5,'col':8,'pos':77},'end':{'line':5,'col':14,'pos':83}},{'doc':{'$ref':'#1'},'key':'1','type':2,'mValue':'perl','deduped':false,'tData':{},'parent':{'$ref':'../../../'},'start':{'line':6,'col':8,'pos':92},'end':{'line':6,'col':12,'pos':96}},{'doc':{'$ref':'#1'},'key':'2','type':2,'mValue':'pascal','deduped':false,'tData':{},'parent':{'$ref':'../../../'},'start':{'line':7,'col':8,'pos':105},'end':{'line':7,'col':14,'pos':111}}],'start':{'line':5,'col':6,'pos':75},'end':{'line':8,'col':0,'pos':112}}],'start':{'line':2,'col':4,'pos':16},'end':{'line':8,'col':0,'pos':112}}],'start':{'line':1,'col':3,'pos':4},'end':{'line':8,'col':0,'pos':112}},{'doc':{'$ref':'#1'},'key':'1','type':0,'deduped':false,'tData':{},'parent':{'$ref':'../../../'},'children':[{'doc':{'$ref':'#1'},'key':'tabitha','type':0,'deduped':false,'tData':{},'parent':{'$ref':'../../../'},'children':[{'doc':{'$ref':'#1'},'key':'name','type':2,'mValue':'Tabitha Bitumen','deduped':false,'tData':{},'parent':{'$ref':'../../../'},'start':{'line':9,'col':10,'pos':134},'end':{'line':9,'col':25,'pos':149}},{'doc':{'$ref':'#1'},'key':'job','type':2,'mValue':'Developer','deduped':false,'tData':{},'parent':{'$ref':'../../../'},'start':{'line':10,'col':9,'pos':159},'end':{'line':10,'col':18,'pos':168}},{'doc':{'$ref':'#1'},'key':'skills','type':1,'deduped':false,'tData':{},'parent':{'$ref':'../../../'},'children':[{'doc':{'$ref':'#1'},'key':'0','type':2,'mValue':'lisp','deduped':false,'tData':{},'parent':{'$ref':'../../../'},'start':{'line':12,'col':8,'pos':189},'end':{'line':12,'col':12,'pos':193}},{'doc':{'$ref':'#1'},'key':'1','type':2,'mValue':'fortran','deduped':false,'tData':{},'parent':{'$ref':'../../../'},'start':{'line':13,'col':8,'pos':202},'end':{'line':13,'col':15,'pos':209}},{'doc':{'$ref':'#1'},'key':'2','type':2,'mValue':'erlang','deduped':false,'tData':{},'parent':{'$ref':'../../../'},'start':{'line':15,'col':0,'pos':218},'end':{'line':15,'col':0,'pos':224}}],'start':{'line':12,'col':6,'pos':187},'end':{'line':15,'col':0,'pos':225}}],'start':{'line':9,'col':4,'pos':128},'end':{'line':15,'col':0,'pos':225}}],'start':{'line':8,'col':3,'pos':115},'end':{'line':15,'col':0,'pos':225}}],'start':{'line':1,'col':0,'pos':1},'end':{'line':15,'col':0,'pos':225}}"`;
